// Jest Snapshot v1, https://goo.gl/fbAQLP

exports[`Policy Linker should link 1`] = `
Array [
  Object {
    "actionRoles": Object {
      "create_orgs": Object {
        "_": Array [
          "member",
          "admin",
        ],
      },
      "manage": Object {
        "_": Array [
          "admin",
        ],
      },
    },
    "actions": Array [
      "manage",
      "create_orgs",
    ],
    "definition": Object {
      "actions": Array [
        "manage",
        "create_orgs",
      ],
      "model": [Function],
      "name": "Global",
      "roleActions": Object {
        "admin": Array [
          "manage",
        ],
        "member": Array [
          "create_orgs",
        ],
      },
      "roleDerivations": Object {
        "member": Array [
          "admin",
        ],
      },
      "roles": Array [
        "admin",
        "member",
      ],
      "type": "resource",
    },
    "model": [Function],
    "roleActions": Object {
      "_:admin": Array [
        "manage",
        "create_orgs",
      ],
      "_:member": Array [
        "create_orgs",
      ],
    },
    "roleChildren": Object {
      "admin": Object {
        "_": Array [],
      },
      "member": Object {
        "_": Array [
          "admin",
        ],
      },
    },
    "roleParents": Object {
      "admin": Array [
        "member",
      ],
      "member": Array [],
    },
    "roles": Object {
      "_": Array [
        "admin",
        "member",
      ],
    },
  },
  Object {
    "actionRoles": Object {
      "create_repos": Object {
        "_": Array [
          "owner",
        ],
        "global": Array [
          "admin",
        ],
      },
      "create_role_assignments": Object {
        "_": Array [
          "owner",
        ],
        "global": Array [
          "admin",
        ],
      },
      "delete_role_assignments": Object {
        "_": Array [
          "owner",
        ],
        "global": Array [
          "admin",
        ],
      },
      "list_repos": Object {
        "_": Array [
          "member",
          "owner",
        ],
        "global": Array [
          "admin",
        ],
      },
      "list_role_assignments": Object {
        "_": Array [
          "member",
          "owner",
        ],
        "global": Array [
          "admin",
        ],
      },
      "read": Object {
        "_": Array [
          "member",
          "owner",
        ],
        "global": Array [
          "admin",
        ],
      },
      "update_role_assignments": Object {
        "_": Array [
          "owner",
        ],
        "global": Array [
          "admin",
        ],
      },
    },
    "actions": Array [
      "read",
      "create_repos",
      "list_repos",
      "create_role_assignments",
      "list_role_assignments",
      "update_role_assignments",
      "delete_role_assignments",
    ],
    "definition": Object {
      "actions": Array [
        "read",
        "create_repos",
        "list_repos",
        "create_role_assignments",
        "list_role_assignments",
        "update_role_assignments",
        "delete_role_assignments",
      ],
      "model": [Function],
      "name": "Org",
      "relations": Array [
        "global",
      ],
      "roleActions": Object {
        "member": Array [
          "read",
          "list_repos",
          "list_role_assignments",
        ],
        "owner": Array [
          "create_repos",
          "create_role_assignments",
          "update_role_assignments",
          "delete_role_assignments",
        ],
      },
      "roleDerivations": Object {
        "member": Array [
          "owner",
        ],
        "owner": Array [
          "global.admin",
        ],
      },
      "roles": Array [
        "owner",
        "member",
      ],
      "type": "resource",
    },
    "model": [Function],
    "roleActions": Object {
      "_:member": Array [
        "read",
        "list_repos",
        "list_role_assignments",
      ],
      "_:owner": Array [
        "read",
        "create_repos",
        "list_repos",
        "create_role_assignments",
        "list_role_assignments",
        "update_role_assignments",
        "delete_role_assignments",
      ],
      "global:admin": Array [
        "read",
        "create_repos",
        "list_repos",
        "create_role_assignments",
        "list_role_assignments",
        "update_role_assignments",
        "delete_role_assignments",
      ],
    },
    "roleChildren": Object {
      "member": Object {
        "_": Array [
          "owner",
        ],
        "global": Array [
          "admin",
        ],
      },
      "owner": Object {
        "_": Array [],
        "global": Array [
          "admin",
        ],
      },
    },
    "roleParents": Object {
      "global.admin": Array [
        "owner",
        "member",
      ],
      "member": Array [],
      "owner": Array [
        "member",
      ],
    },
    "roles": Object {
      "_": Array [
        "member",
        "owner",
      ],
      "global": Array [
        "admin",
      ],
    },
  },
  Object {
    "actionRoles": Object {
      "create_issues": Object {
        "_": Array [
          "reader",
          "admin",
          "maintainer",
        ],
        "org": Array [
          "owner",
          "member",
        ],
        "org.global": Array [
          "admin",
        ],
      },
      "create_role_assignments": Object {
        "_": Array [
          "admin",
        ],
        "org": Array [
          "owner",
        ],
        "org.global": Array [
          "admin",
        ],
      },
      "delete_role_assignments": Object {
        "_": Array [
          "admin",
        ],
        "org": Array [
          "owner",
        ],
        "org.global": Array [
          "admin",
        ],
      },
      "list_issues": Object {
        "_": Array [
          "reader",
          "admin",
          "maintainer",
        ],
        "org": Array [
          "owner",
          "member",
        ],
        "org.global": Array [
          "admin",
        ],
      },
      "list_role_assignments": Object {
        "_": Array [
          "admin",
        ],
        "org": Array [
          "owner",
        ],
        "org.global": Array [
          "admin",
        ],
      },
      "read": Object {
        "_": Array [
          "reader",
          "admin",
          "maintainer",
        ],
        "org": Array [
          "owner",
          "member",
        ],
        "org.global": Array [
          "admin",
        ],
      },
      "update_role_assignments": Object {
        "_": Array [
          "admin",
        ],
        "org": Array [
          "owner",
        ],
        "org.global": Array [
          "admin",
        ],
      },
    },
    "actions": Array [
      "read",
      "create_issues",
      "list_issues",
      "create_role_assignments",
      "list_role_assignments",
      "update_role_assignments",
      "delete_role_assignments",
    ],
    "definition": Object {
      "actions": Array [
        "read",
        "create_issues",
        "list_issues",
        "create_role_assignments",
        "list_role_assignments",
        "update_role_assignments",
        "delete_role_assignments",
      ],
      "model": [Function],
      "name": "Repo",
      "relations": Array [
        "org",
      ],
      "roleActions": Object {
        "admin": Array [
          "create_role_assignments",
          "list_role_assignments",
          "update_role_assignments",
          "delete_role_assignments",
        ],
        "reader": Array [
          "read",
          "list_issues",
          "create_issues",
        ],
      },
      "roleDerivations": Object {
        "admin": Array [
          "org.owner",
        ],
        "maintainer": Array [
          "admin",
        ],
        "reader": Array [
          "org.member",
          "maintainer",
        ],
      },
      "roles": Array [
        "admin",
        "maintainer",
        "reader",
      ],
      "type": "resource",
    },
    "model": [Function],
    "roleActions": Object {
      "_:admin": Array [
        "read",
        "create_issues",
        "list_issues",
        "create_role_assignments",
        "list_role_assignments",
        "update_role_assignments",
        "delete_role_assignments",
      ],
      "_:maintainer": Array [
        "read",
        "create_issues",
        "list_issues",
      ],
      "_:reader": Array [
        "read",
        "create_issues",
        "list_issues",
      ],
      "org.global:admin": Array [
        "read",
        "create_issues",
        "list_issues",
        "create_role_assignments",
        "list_role_assignments",
        "update_role_assignments",
        "delete_role_assignments",
      ],
      "org:member": Array [
        "read",
        "create_issues",
        "list_issues",
      ],
      "org:owner": Array [
        "read",
        "create_issues",
        "list_issues",
        "create_role_assignments",
        "list_role_assignments",
        "update_role_assignments",
        "delete_role_assignments",
      ],
    },
    "roleChildren": Object {
      "admin": Object {
        "_": Array [],
        "org": Array [
          "owner",
        ],
      },
      "maintainer": Object {
        "_": Array [
          "admin",
        ],
        "org": Array [
          "owner",
        ],
      },
      "reader": Object {
        "_": Array [
          "admin",
          "maintainer",
        ],
        "org": Array [
          "owner",
          "member",
        ],
      },
    },
    "roleParents": Object {
      "admin": Array [
        "maintainer",
        "reader",
      ],
      "maintainer": Array [
        "reader",
      ],
      "org.member": Array [
        "reader",
      ],
      "org.owner": Array [
        "admin",
        "maintainer",
        "reader",
      ],
      "reader": Array [],
    },
    "roles": Object {
      "_": Array [
        "reader",
        "admin",
        "maintainer",
      ],
      "org": Array [
        "owner",
        "member",
      ],
      "org.global": Array [
        "admin",
      ],
    },
  },
  Object {
    "actionRoles": Object {
      "close": Object {
        "_": Array [
          "creator",
        ],
        "repo": Array [
          "maintainer",
          "admin",
        ],
        "repo.org": Array [
          "owner",
        ],
        "repo.org.global": Array [
          "admin",
        ],
      },
      "read": Object {
        "_": Array [],
        "repo": Array [
          "reader",
          "admin",
          "maintainer",
        ],
        "repo.org": Array [
          "owner",
          "member",
        ],
        "repo.org.global": Array [
          "admin",
        ],
      },
    },
    "actions": Array [
      "read",
      "close",
    ],
    "definition": Object {
      "actions": Array [
        "read",
        "close",
      ],
      "model": [Function],
      "name": "Issue",
      "relations": Array [
        "repo",
      ],
      "roleActions": Object {
        "creator": Array [
          "close",
        ],
        "repo.maintainer": Array [
          "close",
        ],
        "repo.reader": Array [
          "read",
        ],
      },
      "roles": Array [
        "creator",
      ],
      "type": "resource",
    },
    "model": [Function],
    "roleActions": Object {
      "_:creator": Array [
        "close",
      ],
      "repo.org.global:admin": Array [
        "read",
        "close",
      ],
      "repo.org:member": Array [
        "read",
      ],
      "repo.org:owner": Array [
        "read",
        "close",
      ],
      "repo:admin": Array [
        "read",
        "close",
      ],
      "repo:maintainer": Array [
        "read",
        "close",
      ],
      "repo:reader": Array [
        "read",
      ],
    },
    "roleChildren": Object {
      "creator": Object {
        "_": Array [],
      },
    },
    "roleParents": Object {
      "creator": Array [],
    },
    "roles": Object {
      "_": Array [
        "creator",
      ],
      "repo": Array [
        "reader",
        "admin",
        "maintainer",
      ],
      "repo.org": Array [
        "owner",
        "member",
      ],
      "repo.org.global": Array [
        "admin",
      ],
    },
  },
]
`;
