// Jest Snapshot v1, https://goo.gl/fbAQLP

exports[`load config should load from current working directory 1`] = `
{
  "deep": {
    "object": {
      "property": "value",
    },
  },
  "foo": {
    "bar": {
      "a": "foo_bar_3",
      "b": "foo_bar_2",
      "c": "foo_bar_4",
      "d": "\${FOO_BAR_D}",
    },
  },
  "name": "hello",
}
`;

exports[`load config should load from multiple directories with overriding orders 1`] = `
{
  "foo": "bar",
  "var1": "C",
}
`;

exports[`load config should load from specific directory 1`] = `
{
  "deep": {
    "object": {
      "property": "value",
    },
  },
  "foo": {
    "bar": {
      "a": "foo_bar_3",
      "b": "foo_bar_2",
      "c": "foo_bar_4",
      "d": "\${FOO_BAR_D}",
    },
  },
  "name": "hello",
}
`;
